MAP
#
# Copyright (c) 2009-2012, Dan "Ducky" Little & GeoMOOSE.org
#
# Permission is hereby granted, free of charge, to any person obtaining a copy
# of this software and associated documentation files (the "Software"), to deal
# in the Software without restriction, including without limitation the rights
# to use, copy, modify, merge, publish, distribute, sublicense, and/or sell
# copies of the Software, and to permit persons to whom the Software is
# furnished to do so, subject to the following conditions:
#
# The above copyright notice and this permission notice shall be included in
# all copies or substantial portions of the Software.
#
# THE SOFTWARE IS PROVIDED "AS IS", WITHOUT WARRANTY OF ANY KIND, EXPRESS OR
# IMPLIED, INCLUDING BUT NOT LIMITED TO THE WARRANTIES OF MERCHANTABILITY,
# FITNESS FOR A PARTICULAR PURPOSE AND NONINFRINGEMENT. IN NO EVENT SHALL THE
# AUTHORS OR COPYRIGHT HOLDERS BE LIABLE FOR ANY CLAIM, DAMAGES OR OTHER
# LIABILITY, WHETHER IN AN ACTION OF CONTRACT, TORT OR OTHERWISE, ARISING FROM,
# OUT OF OR IN CONNECTION WITH THE SOFTWARE OR THE USE OR OTHER DEALINGS IN
# THE SOFTWARE.
#

TRANSPARENT TRUE
MAXSIZE 10000

SYMBOLSET 'symbols/symbol.sym'
FONTSET 'fonts/fontset.list'

IMAGETYPE PNG

SYMBOL
	NAME 'circle'
	TYPE ELLIPSE
	FILLED TRUE
	POINTS 1 1 END
END

LAYER
	NAME 'poly-draw'
	TYPE POLYGON
	STATUS DEFAULT
	CLASS
		STYLE
			COLOR 255 255 0
		END

	#	STYLE
	#		OUTLINECOLOR 255 0 0
	#		WIDTH 4
	#	END

		LABEL
			TYPE TRUETYPE
			FONT vera_sans-bold
			FORCE TRUE
			MINSIZE 6
			SIZE 8
			MAXSIZE 10
			ANTIALIAS TRUE
			COLOR 0 0 0
			OUTLINECOLOR 255 255 0
			POSITION CC
		END
	END
END

LAYER
	NAME 'point-draw'
	TYPE POINT
	STATUS DEFAULT
	CLASS
		STYLE
			COLOR 255 255 255
			OUTLINECOLOR 255 255 255
			SYMBOL 'circle'
			SIZE 10
		END

		LABEL
			TYPE TRUETYPE
			FONT vera_sans
			FORCE TRUE
			MINSIZE 6
			SIZE 8
			MAXSIZE 10
			ANTIALIAS TRUE
			COLOR 0 0 0
			OUTLINECOLOR 255 255 0
			POSITION CC
		END
	END
END

LAYER
	NAME 'line-draw'
	TYPE LINE
	STATUS DEFAULT
	CLASS
		STYLE
			COLOR 255 255 255
			WIDTH 4
		END

		LABEL
			TYPE TRUETYPE
			FONT vera_sans
			FORCE TRUE
			MINSIZE 6
			SIZE 8
			MAXSIZE 10
			ANTIALIAS TRUE
			COLOR 0 0 0
			OUTLINECOLOR 255 255 0
			POSITION CC
			ANGLE FOLLOW
		END
	END
END

END
