MAP
	TRANSPARENT ON

	MAXSIZE 10000
	SHAPEPATH "[SHAPEPATH]"

	OUTPUTFORMAT
		NAME 'agg/png'
		DRIVER AGG/PNG
		IMAGEMODE RGBA
		FORMATOPTION "TRANSPARENT=TRUE"
		MIMETYPE 'image/png'
	END

	IMAGETYPE agg/png

	WEB
		METADATA
			'ows_enable_request' '*'
		END
	END

	SYMBOL
		NAME 'CIRCLE'
		TYPE ELLIPSE
		POINTS
			1 1
		END
		FILLED TRUE
	END

	PROJECTION
		'+init=[PROJECTION]'
	END

	LAYER
		TYPE [LAYER_TYPE]
		STATUS DEFAULT
		NAME 'selected'
		GROUP 'highlight'
		CONNECTIONTYPE OGR
		CONNECTION '[SHAPEPATH]/[UNIQUEID].db' 
		DATA 'features'

		CLASS
			STYLE
				OUTLINECOLOR 255 255 0
				SIZE 3
				SYMBOL 'circle'
			END
		END
	END

	LAYER
		TYPE POLYGON
		STATUS DEFAULT
		NAME 'selected_with_features'
		GROUP 'highlight'
		CONNECTIONTYPE OGR
		CONNECTION '[SHAPEPATH]/[UNIQUEID].db' 
		DATA 'selection'

		CLASSITEM AREA

		CLASS
			EXPRESSION "DRAWN"
			STYLE
				OUTLINECOLOR '#F25FFF'
				WIDTH 4
			END
		END

		CLASS
			EXPRESSION "QUERY"
			STYLE
				OUTLINECOLOR '#FF8120'
				WIDTH 6
			END
		END
	END


END
